# This will test creating the graph and making sure its state is correct.

# Create the graph.
created graph graphtest

# Make sure the graph has no nodes and no edges.
graphtest contains: