# This will test adding nodes to the graph.

# Create the graph.
created graph graphtest

# Make sure the graph has no nodes and no edges.
graphtest contains: 

# Add nodes
added node n1 to graphtest
added node n2 to graphtest
added node n3 to graphtest
added node n4 to graphtest

# Make sure the nodes were added
graphtest contains: n1 n2 n3 n4

# Add an edge between n1 and n2
added edge e1 from n1 to n2 in graphtest

# Make sure the edge was added
the children of n1 in graphtest are: n2(e1)

# Make sure n2 is not a parent.
the children of n2 in graphtest are:

# Add duplicate edges
added edge e1 from n1 to n2 in graphtest
added edge e2 from n1 to n2 in graphtest
added edge e2 from n2 to n1 in graphtest
added edge e1 from n3 to n2 in graphtest
added edge e2 from n3 to n1 in graphtest
added edge e2 from n3 to n4 in graphtest

# Make sure graph is correct.
graphtest contains: n1 n2 n3 n4

the children of n1 in graphtest are: n2(e1) n2(e2)
the children of n2 in graphtest are: n1(e2)
the children of n3 in graphtest are: n1(e2) n2(e1) n4(e2)